
 BerkeleyGW tag 1.1 beta2 revision 6543

 BSE/Kernel  Complex version  Run on  12-Nov-2015  at  11:30:52 -0800

--------------------------------------------------------------------------------
 Please cite the following papers when using results from BerkeleyGW:

 Jack Deslippe, Georgy Samsonidze, David A. Strubbe, Manish Jain, Marvin L.
 Cohen, and Steven G. Louie, "BerkeleyGW: A Massively Parallel Computer Package
 for the Calculation of the Quasiparticle and Optical Properties of Materials
 and Nanostructures," Comput. Phys. Commun. 183, 1269 (2012)

 Mark S. Hybertsen and Steven G. Louie, "Electron correlation in semiconductors
 and insulators: Band gaps and quasiparticle energies," Phys. Rev. B 34, 5390
 (1986)

 Michael Rohlfing and Steven G. Louie, "Electron-hole excitations and optical
 spectra from first principles," Phys. Rev. B 62, 4927 (2000)
--------------------------------------------------------------------------------

 Running MPI version (parallel)

 Running with 2 MPI task(s)

 Calculating the kernel only for (v,c)->(v',c') transitions.

 Running with Semiconductor Screening

 We are communicating via MPI

 We are using no truncation

 Highest occupied band (coarse grid) =  4
 Valence max    (coarse grid) =      5.551619 eV
 Conduction min (coarse grid) =      6.066319 eV
 Middle energy  (coarse grid) =      5.808969 eV
 Fermi  energy  (coarse grid) =      5.808969 eV

Screened coulomb cutoff =    10.000000 Ry :     169 G-vectors
Bare coulomb cutoff     =    15.000000 Ry :     307 G-vectors
 Using symmetries to expand the coarse grid sampling

 Parallelizing over (k)^2
 We will not reuse wavefunction FFTs.
 Using pools:  nproc = 2  npool = 1  nown = 8  npown = 4                                                                         

 Memory available:    3238.7 MB per PE
 Memory required for execution:    1.6 MB per PE
 Memory required for vcoul:    0.0 MB per PE
        8192  elements per PE
          24  wavefunctions stored per PE
         169  G-vectors per wavefunction
 Crystal wavefunctions read from unit WFN_co

 nrk = 3

 nfk = 8  ksz =   0.289573

  Bethe-Salpeter Calculation
  valence bands limits :            4  (total) 
  cond.   bands limits :            4  (total) 
  number of spins   =            1

 Epsilon matrix for q->0 read from eps0mat
 nrq0 = 1  gmax =    10.000000

 Head of epsilon inverse :  (  4.4722820036427184E-002,  8.7513717101521075E-020)


 Epsilon matrix for q/=0 read from epsmat
 nrq = 2  gmax =    10.000000
 nfq = 8  qsz =   0.289573


 Calculating Vcoul

 For G=0: setting q0 =  0.001000  0.000000  0.000000

 Starting calculation of kernel with    32 blocks of pairs per PE


 Started calculation of matrix elements with 32 block(s) at 11:30:52.
 [ 11:30:52 |   0% ] block  1 / 32.
 [ 11:30:52 |   6% ] block  3 / 32, remaining: 0 s.
 [ 11:30:52 |   9% ] block  4 / 32, remaining: 0 s.
 [ 11:30:52 |  19% ] block  7 / 32, remaining: 0 s.
 [ 11:30:52 |  28% ] block 10 / 32, remaining: 0 s.
 [ 11:30:52 |  38% ] block 13 / 32, remaining: 0 s.
 [ 11:30:52 |  50% ] block 17 / 32, remaining: 0 s.
 [ 11:30:52 |  59% ] block 20 / 32, remaining: 0 s.
 [ 11:30:52 |  69% ] block 23 / 32, remaining: 0 s.
 [ 11:30:52 |  78% ] block 26 / 32, remaining: 0 s.
 [ 11:30:52 |  88% ] block 29 / 32, remaining: 0 s.
 Finished calculation of matrix elements at 11:30:52.
 Elapsed time: 0 s.

 Expected size of the BSE matrices:
   bsexmat:           0.282 MB
   bsedmat:           0.847 MB


 Started writing out BSE matrices with 512 records(s) at 11:30:52.
 [ 11:30:52 |   0% ] records   1 / 512.
 [ 11:30:52 |   0% ] records   3 / 512, remaining: 0 s.
 [ 11:30:52 |  10% ] records  52 / 512, remaining: 0 s.
 [ 11:30:52 |  20% ] records 103 / 512, remaining: 0 s.
 [ 11:30:52 |  30% ] records 154 / 512, remaining: 0 s.
 [ 11:30:52 |  40% ] records 205 / 512, remaining: 0 s.
 [ 11:30:52 |  50% ] records 257 / 512, remaining: 0 s.
 [ 11:30:52 |  60% ] records 308 / 512, remaining: 0 s.
 [ 11:30:52 |  70% ] records 359 / 512, remaining: 0 s.
 [ 11:30:52 |  80% ] records 410 / 512, remaining: 0 s.
 [ 11:30:52 |  90% ] records 461 / 512, remaining: 0 s.
 Finished writing out BSE matrices at 11:30:52.
 Elapsed time: 0 s.


maximum: head       1.000000000000004
         wing       0.108414911991840
         body       0.832408170238794
         x          1.318894106983730

                            CPU [s]        WALL [s]          #

 INPUT:          (min.)        0.002           0.005          1
                 (PE 0)        0.002           0.005
                 (max.)        0.002           0.005
 EPSCOPY:        (min.)        0.004           0.004          1
                 (PE 0)        0.004           0.004
                 (max.)        0.004           0.004
 GENWF:          (min.)        0.007           0.006         32
                 (PE 0)        0.007           0.006
                 (max.)        0.007           0.009
 EXCWF:          (min.)        0.000           0.000          0
                 (PE 0)        0.000           0.000
                 (max.)        0.000           0.000
 MTXEL:          (min.)        0.377           0.375         32
                 (PE 0)        0.377           0.376
                 (max.)        0.377           0.376
 FULLBZ:         (min.)        0.000           0.000          2
                 (PE 0)        0.000           0.000
                 (max.)        0.000           0.000
 BSEWRITE:       (min.)        0.007           0.010          1
                 (PE 0)        0.007           0.010
                 (max.)        0.011           0.011
 MTXEL Setup:    (min.)        0.000           0.000         64
                 (PE 0)        0.000           0.000
                 (max.)        0.011           0.011
 MTXEL Vcoul:    (min.)        0.000           0.000         64
                 (PE 0)        0.000           0.000
                 (max.)        0.000           0.000
 MTXEL W:        (min.)        0.008           0.006       5164
                 (PE 0)        0.008           0.008
                 (max.)        0.009           0.008
 MTXEL W-Sum:    (min.)        0.034           0.032       5196
                 (PE 0)        0.034           0.036
                 (max.)        0.034           0.036
 MTXEL FFT Dir:  (min.)        0.133           0.131         32
                 (PE 0)        0.144           0.144
                 (max.)        0.144           0.144
 MTXEL High G:   (min.)        0.001           0.000         32
                 (PE 0)        0.001           0.000
                 (max.)        0.001           0.001
 MTXEL FFT X:    (min.)        0.128           0.129         32
                 (PE 0)        0.140           0.142
                 (max.)        0.140           0.142
 MTXEL BSEX:     (min.)        0.002           0.002         32
                 (PE 0)        0.002           0.002
                 (max.)        0.002           0.002
 MTXEL INDEX:    (min.)        0.001           0.000         32
                 (PE 0)        0.001           0.000
                 (max.)        0.001           0.000
 MTXEL EPSHEAD:  (min.)        0.000           0.000         32
                 (PE 0)        0.000           0.000
                 (max.)        0.000           0.000
 MTXEL EPSREAD:  (min.)        0.005           0.006       5408
                 (PE 0)        0.005           0.006
                 (max.)        0.005           0.007
 MTXEL EPSOPEN:  (min.)        0.000           0.000         32
                 (PE 0)        0.000           0.000
                 (max.)        0.000           0.000
 MTXEL G SUM:    (min.)        0.004           0.003         32
                 (PE 0)        0.004           0.003
                 (max.)        0.004           0.004
 MTXEL COMM:     (min.)        0.027           0.025         64
                 (PE 0)        0.027           0.025
                 (max.)        0.037           0.041
 BSEWRITE COMM:  (min.)        0.001           0.001        512
                 (PE 0)        0.001           0.001
                 (max.)        0.008           0.008
 BSEWRITE I/O:   (min.)        0.000           0.001        512
                 (PE 0)        0.003           0.003
                 (max.)        0.003           0.003
 MTXEL FFT CC:   (min.)        0.068           0.067         32
                 (PE 0)        0.074           0.071
                 (max.)        0.074           0.071
 MTXEL FFT VV:   (min.)        0.065           0.064         32
                 (PE 0)        0.070           0.073
                 (max.)        0.070           0.073
 MTXEL FIND:     (min.)        0.000           0.000         32
                 (PE 0)        0.000           0.000
                 (max.)        0.000           0.000
 MTXEL ALLOC:    (min.)        0.000           0.000         32
                 (PE 0)        0.000           0.000
                 (max.)        0.000           0.000
 MTXEL FFTBOX:   (min.)        0.000           0.000         32
                 (PE 0)        0.000           0.000
                 (max.)        0.000           0.000
 MTXEL FFT VC:   (min.)        0.128           0.129         32
                 (PE 0)        0.139           0.142
                 (max.)        0.139           0.142

 TOTAL:          (min.)        0.399           0.405
                 (PE 0)        0.399           0.405
                 (max.)        0.402           0.405

