
 BerkeleyGW tag 1.1 beta2 revision 6543

 Epsilon  Complex version  Run on  12-Nov-2015  at  11:29:52 -0800

--------------------------------------------------------------------------------
 Please cite the following papers when using results from BerkeleyGW:

 Jack Deslippe, Georgy Samsonidze, David A. Strubbe, Manish Jain, Marvin L.
 Cohen, and Steven G. Louie, "BerkeleyGW: A Massively Parallel Computer Package
 for the Calculation of the Quasiparticle and Optical Properties of Materials
 and Nanostructures," Comput. Phys. Commun. 183, 1269 (2012)

 Mark S. Hybertsen and Steven G. Louie, "Electron correlation in semiconductors
 and insulators: Band gaps and quasiparticle energies," Phys. Rev. B 34, 5390
 (1986)

 Michael Rohlfing and Steven G. Louie, "Electron-hole excitations and optical
 spectra from first principles," Phys. Rev. B 62, 4927 (2000)
--------------------------------------------------------------------------------

 Running MPI version (parallel)

 Running with 2 MPI task(s)


 We will start a new calculation from scratch.

 Computing the static inverse dielectric matrix

 We are using matrix communication scheme

 We are communicating via MPI

 We are using no truncation

 Running with 1 valence pools
 Number of conduction bands per processor: 2
 Number of valence bands per processor: 4

 Memory available:    3240.6 MB per PE
 Reading header of WFN
 Reading header of WFNq
 Memory required for execution:    2.0 MB per PE
 Memory required for vcoul:    0.0 MB per PE

 Highest occupied band (unshifted grid) =  4
 Valence max    (unshifted grid) =      4.692343 eV
 Conduction min (unshifted grid) =      6.963706 eV
 Middle energy  (unshifted grid) =      5.828025 eV
 Fermi  energy  (unshifted grid) =      5.828025 eV

 Number of electrons per unit cell =   8.000000
 Plasma Frequency =   1.148512 Rydberg


 Started reading wavefunctions (WFN) with 32 state(s) at 11:29:52.
 [ 11:29:52 |   0% ] state  1 / 32.
 [ 11:29:52 |   6% ] state  3 / 32, remaining: 0 s.
 [ 11:29:52 |   9% ] state  4 / 32, remaining: 0 s.
 [ 11:29:52 |  19% ] state  7 / 32, remaining: 0 s.
 [ 11:29:52 |  28% ] state 10 / 32, remaining: 0 s.
 [ 11:29:52 |  38% ] state 13 / 32, remaining: 0 s.
 [ 11:29:52 |  50% ] state 17 / 32, remaining: 0 s.
 [ 11:29:52 |  59% ] state 20 / 32, remaining: 0 s.
 [ 11:29:52 |  69% ] state 23 / 32, remaining: 0 s.
 [ 11:29:52 |  78% ] state 26 / 32, remaining: 0 s.
 [ 11:29:52 |  88% ] state 29 / 32, remaining: 0 s.
 Finished reading wavefunctions (WFN) at 11:29:52.
 Elapsed time: 0 s.

 Screened Coulomb cutoff: 10.000 Ry
 Total number of bands: 8
 Number of q-points: 3

 Scissors parameters
 Valence:    es =   0.0000 eV, e0 =   0.0000 eV, edel =   0.0000
 Conduction: es =   0.0000 eV, e0 =   0.0000 eV, edel =   0.0000
 Q0 and |Q0| =  0.001000  0.000000  0.000000  0.001019
 Q  and |Q|  =  0.000000  0.000000  0.500000  0.509324
 Q  and |Q|  =  0.000000  0.500000  0.500000  0.588117

 You have a slightly shifted q0 vector and a semiconductor.
 So reading from WFNq.
 Reading header of WFNq
 Highest occupied band (shifted grid) =  4

 Started reading wavefunctions (WFNq) with 40 state(s) at 11:29:52.
 [ 11:29:52 |   0% ] state  1 / 40.
 [ 11:29:52 |   5% ] state  3 / 40, remaining: 0 s.
 [ 11:29:52 |   8% ] state  4 / 40, remaining: 0 s.
 [ 11:29:52 |  18% ] state  8 / 40, remaining: 0 s.
 [ 11:29:52 |  28% ] state 12 / 40, remaining: 0 s.
 [ 11:29:52 |  38% ] state 16 / 40, remaining: 0 s.
 [ 11:29:52 |  48% ] state 20 / 40, remaining: 0 s.
 [ 11:29:52 |  57% ] state 24 / 40, remaining: 0 s.
 [ 11:29:52 |  68% ] state 28 / 40, remaining: 0 s.
 [ 11:29:52 |  78% ] state 32 / 40, remaining: 0 s.
 [ 11:29:52 |  88% ] state 36 / 40, remaining: 0 s.
 [ 11:29:52 |  98% ] state 40 / 40, remaining: 0 s.
 Finished reading wavefunctions (WFNq) at 11:29:52.
 Elapsed time: 0 s.


 Crystal k+q WFs read from WFNq
 nfk=          32
================================================================================
 11:29:52   Dealing with q =  0.001000  0.000000  0.000000                 1 / 3
================================================================================

 This is the special q->0 point.
 Rank of the polarizability matrix (nmtx): 169

 BLACS processor grid:   1 x   2; BLOCKSIZE =   32

 Number of k-points in the irreducible BZ(q) (nrk): 10

 Started calculation of matrix elements with 10 transition(s) at 11:29:52.
 [ 11:29:52 |   0% ] transition  1 / 10.
 [ 11:29:52 |  10% ] transition  2 / 10.
 [ 11:29:52 |  20% ] transition  3 / 10, remaining: 0 s.
 [ 11:29:52 |  30% ] transition  4 / 10, remaining: 0 s.
 [ 11:29:52 |  40% ] transition  5 / 10, remaining: 0 s.
 [ 11:29:52 |  50% ] transition  6 / 10, remaining: 0 s.
 [ 11:29:52 |  60% ] transition  7 / 10, remaining: 0 s.
 [ 11:29:52 |  70% ] transition  8 / 10, remaining: 0 s.
 [ 11:29:52 |  80% ] transition  9 / 10, remaining: 0 s.
 [ 11:29:52 |  90% ] transition 10 / 10, remaining: 0 s.
 Finished calculation of matrix elements at 11:29:52.
 Elapsed time: 0 s.

 Allocating Convergence Arrays of Dim           4

 Started building polarizability matrix with 2 processor(s) at 11:29:52.
 [ 11:29:52 |   0% ] processor 1 / 2.
 [ 11:29:52 |  50% ] processor 2 / 2.
 Finished building polarizability matrix at 11:29:52.
 Elapsed time: 0 s.

q-pt      1: Head of Epsilon         =    2.479810726809416E+001   2.063616400367852E-015
q-pt      1: Head of Epsilon Inverse =    4.472326020990759E-002  -4.185166035190188E-018

 For q0 points, you should check the symmetry (eps(G,G') = eps*(-G,-G')) by
 using the eps0sym code. Wavefunction convergence, as well as a finite q-shift
 may cause this property of eps(G,G') to be broken.

 Started writing matrix with 169 column(s) at 11:29:52.
 [ 11:29:52 |   0% ] column   1 / 169.
 [ 11:29:52 |   1% ] column   3 / 169, remaining: 0 s.
 [ 11:29:52 |   9% ] column  17 / 169, remaining: 0 s.
 [ 11:29:52 |  20% ] column  34 / 169, remaining: 0 s.
 [ 11:29:52 |  30% ] column  51 / 169, remaining: 0 s.
 [ 11:29:52 |  40% ] column  68 / 169, remaining: 0 s.
 [ 11:29:52 |  50% ] column  85 / 169, remaining: 0 s.
 [ 11:29:52 |  60% ] column 102 / 169, remaining: 0 s.
 [ 11:29:52 |  70% ] column 119 / 169, remaining: 0 s.
 [ 11:29:52 |  80% ] column 136 / 169, remaining: 0 s.
 [ 11:29:52 |  90% ] column 153 / 169, remaining: 0 s.
 [ 11:29:52 |  99% ] column 169 / 169, remaining: 0 s.
 Finished writing matrix at 11:29:52.
 Elapsed time: 0 s.

================================================================================
 11:29:52   Dealing with q =  0.000000  0.000000  0.500000                 2 / 3
================================================================================

 This is a regular non-zero q-point.
 Rank of the polarizability matrix (nmtx): 168

 BLACS processor grid:   1 x   2; BLOCKSIZE =   32

 Number of k-points in the irreducible BZ(q) (nrk): 10

 Started calculation of matrix elements with 10 transition(s) at 11:29:52.
 [ 11:29:52 |   0% ] transition  1 / 10.
 [ 11:29:52 |  10% ] transition  2 / 10.
 [ 11:29:53 |  20% ] transition  3 / 10, remaining: 0 s.
 [ 11:29:53 |  30% ] transition  4 / 10, remaining: 0 s.
 [ 11:29:53 |  40% ] transition  5 / 10, remaining: 0 s.
 [ 11:29:53 |  50% ] transition  6 / 10, remaining: 0 s.
 [ 11:29:53 |  60% ] transition  7 / 10, remaining: 0 s.
 [ 11:29:53 |  70% ] transition  8 / 10, remaining: 0 s.
 [ 11:29:53 |  80% ] transition  9 / 10, remaining: 0 s.
 [ 11:29:53 |  90% ] transition 10 / 10, remaining: 0 s.
 Finished calculation of matrix elements at 11:29:53.
 Elapsed time: 0 s.

 Allocating Convergence Arrays of Dim           4

 Started building polarizability matrix with 2 processor(s) at 11:29:53.
 [ 11:29:53 |   0% ] processor 1 / 2.
 [ 11:29:53 |  50% ] processor 2 / 2.
 Finished building polarizability matrix at 11:29:53.
 Elapsed time: 0 s.

q-pt      2: Head of Epsilon         =    2.514043298652142E+000   1.444323115106391E-017
q-pt      2: Head of Epsilon Inverse =    4.436141156589225E-001  -3.022956529088098E-018

 Started writing matrix with 168 column(s) at 11:29:53.
 [ 11:29:53 |   0% ] column   1 / 168.
 [ 11:29:53 |   1% ] column   3 / 168, remaining: 0 s.
 [ 11:29:53 |  10% ] column  17 / 168, remaining: 0 s.
 [ 11:29:53 |  20% ] column  34 / 168, remaining: 0 s.
 [ 11:29:53 |  30% ] column  51 / 168, remaining: 0 s.
 [ 11:29:53 |  40% ] column  68 / 168, remaining: 0 s.
 [ 11:29:53 |  50% ] column  85 / 168, remaining: 0 s.
 [ 11:29:53 |  60% ] column 101 / 168, remaining: 0 s.
 [ 11:29:53 |  70% ] column 118 / 168, remaining: 0 s.
 [ 11:29:53 |  80% ] column 135 / 168, remaining: 0 s.
 [ 11:29:53 |  90% ] column 152 / 168, remaining: 0 s.
 Finished writing matrix at 11:29:53.
 Elapsed time: 0 s.

================================================================================
 11:29:53   Dealing with q =  0.000000  0.500000  0.500000                 3 / 3
================================================================================

 This is a regular non-zero q-point.
 Rank of the polarizability matrix (nmtx): 150

 BLACS processor grid:   1 x   2; BLOCKSIZE =   32

 Number of k-points in the irreducible BZ(q) (nrk): 6

 Started calculation of matrix elements with 6 transition(s) at 11:29:53.
 [ 11:29:53 |   0% ] transition 1 / 6.
 [ 11:29:53 |  17% ] transition 2 / 6.
 [ 11:29:53 |  33% ] transition 3 / 6, remaining: 0 s.
 [ 11:29:53 |  50% ] transition 4 / 6, remaining: 0 s.
 [ 11:29:53 |  67% ] transition 5 / 6, remaining: 0 s.
 [ 11:29:53 |  83% ] transition 6 / 6, remaining: 0 s.
 Finished calculation of matrix elements at 11:29:53.
 Elapsed time: 0 s.

 Allocating Convergence Arrays of Dim           4

 Started building polarizability matrix with 2 processor(s) at 11:29:53.
 [ 11:29:53 |   0% ] processor 1 / 2.
 [ 11:29:53 |  50% ] processor 2 / 2.
 Finished building polarizability matrix at 11:29:53.
 Elapsed time: 0 s.

q-pt      3: Head of Epsilon         =    2.393933730946643E+000   4.431445921349154E-018
q-pt      3: Head of Epsilon Inverse =    4.523268586670481E-001  -1.958933280036322E-018

 Started writing matrix with 150 column(s) at 11:29:53.
 [ 11:29:53 |   0% ] column   1 / 150.
 [ 11:29:53 |   1% ] column   3 / 150, remaining: 0 s.
 [ 11:29:53 |   9% ] column  15 / 150, remaining: 0 s.
 [ 11:29:53 |  19% ] column  30 / 150, remaining: 0 s.
 [ 11:29:53 |  29% ] column  45 / 150, remaining: 0 s.
 [ 11:29:53 |  39% ] column  60 / 150, remaining: 0 s.
 [ 11:29:53 |  49% ] column  75 / 150, remaining: 0 s.
 [ 11:29:53 |  59% ] column  90 / 150, remaining: 0 s.
 [ 11:29:53 |  69% ] column 105 / 150, remaining: 0 s.
 [ 11:29:53 |  79% ] column 120 / 150, remaining: 0 s.
 [ 11:29:53 |  89% ] column 135 / 150, remaining: 0 s.
 [ 11:29:53 |  99% ] column 150 / 150, remaining: 0 s.
 Finished writing matrix at 11:29:53.
 Elapsed time: 0 s.


                              CPU [s]        WALL [s]           #

FULLBZ:                         0.000           0.000           1
IRRBZ:                          0.000           0.001           3
SUBGRP:                         0.000           0.000           3
RQSTAR:                         0.000           0.000          26
GMAP:                           0.001           0.000          26
GVEC:                           0.000           0.000           3
INPUT:                          0.006           0.009           1
INPUT_Q:                        0.002           0.001           1
INPUT(Q) I/O                    0.001           0.000         296
INPUT(Q) COMM                   0.001           0.000         296
GENWF:                          0.006           0.008         104
GENWF (VAL):                    0.003           0.004         104
GENWF (COND):                   0.002           0.004          26
GENWF (C-Ekin):                 0.000           0.000          26
GENWF (C-Sort):                 0.002           0.003          26
JOB SETUP:                      0.000           0.001           1
Q LOOP SETUP:                   0.000           0.000           3
INIT CUTOFF:                    0.000           0.000           3
INIT SCALAPACK:                 0.001           0.002           3
INIT ARRAYS:                    0.000           0.001           3
MTXEL:                          0.037           0.037         104
MTXEL (DENOM):                  0.000           0.000         104
MTXEL (FFT):                    0.036           0.036         104
MTXEL EXP(DENOM):               0.000           0.000           0
MTXEL EXP (FFT):                0.000           0.000           0
CHI SUM (TOTAL):                0.023           0.009           3
CHI SUM (COMM):                 0.001           0.001           6
CHI SUM (PREP):                 0.002           0.002           6
CHI SUM (ARRAY ALLOC):          0.000           0.000           0
CHI SUM (ROW):                  0.000           0.000           0
CHI SUM (COLUMN):               0.000           0.000           0
CHI SUM (zGEMM):                0.020           0.006           6
CHI SUM (HT):                   0.000           0.000           0
EPSINV (TOTAL):                 0.030           0.026           3
EPSINV (VCOUL):                 0.000           0.000           3
EPSINV (I/O)                    0.005           0.003           3
EPSINV (INVERT)                 0.023           0.019           3
EPS (I/O) COMM                  0.000           0.000           0
EPS (I/O) IO                    0.000           0.000           0
CONVERGE TESTS:                 0.000           0.000           3
OPT FFT:                        0.000           0.000           0
OPT FFT (INIT):                 0.000           0.000           0
OPT FFT (COMM_FFT):             0.000           0.000           0
OPT FFT (FFT):                  0.000           0.000           0
FFT ZERO                        0.001           0.000         312
FFT PUT                         0.002           0.001         312
FFT PLAN                        0.019           0.021         520
FFT EXEC                        0.009           0.008         520
FFT MLTPLY                      0.001           0.001         208

TOTAL:                          0.109           0.096


